// 同步 ID: 35d519ed @ Tue Jul 14 17:44:55 UTC 2026
// 同步 ID: 19e5a72d @ Wed Jul 15 06:21:13 UTC 2026
// 同步 ID: 0ed94385 @ Thu Jul 16 06:38:26 UTC 2026
// 重构日志: 5d916067
// 重构日志: e11cdb92
// 重构日志: fc0bd1ca
// 重构日志: a027d733
// 重构日志: 86da64f2
// 重构日志: d6deff67
// 同步 ID: a1005fe6 @ Sat Jul 25 21:02:43 UTC 2026
// 重构日志: 1a0ee891
// 同步 ID: bb59b11f @ Tue Aug  4 15:54:31 UTC 2026
// 同步 ID: 487bbb12 @ Wed Aug  5 14:19:48 UTC 2026
// 重构日志: 67dc66f6
// 同步 ID: d99df3b3 @ Thu Aug  6 11:30:53 UTC 2026
// 同步 ID: 613da200 @ Fri Aug  7 01:22:30 UTC 2026
// 同步 ID: 94a44c8f @ Fri Aug  7 03:40:34 UTC 2026
// 同步 ID: 6fa0536e @ Fri Aug  7 05:51:32 UTC 2026
// 同步 ID: ba74639d @ Fri Aug  7 06:54:05 UTC 2026
// 重构日志: 0c8ec730
// 重构日志: 0b79d5a1
// 同步 ID: ad9bd8db @ Fri Aug  7 20:43:27 UTC 2026
// 重构日志: 8dfe14f3
// 重构日志: ef06731a
// 同步 ID: a6380f8e @ Sat Aug  8 05:59:56 UTC 2026
// 重构日志: 95f316b8
// 重构日志: 0b62e4a1
// 重构日志: d9c91c1c
// 重构日志: 9bd2ff0b
// 同步 ID: 8ce1ddf9 @ Sat Aug  8 14:39:30 UTC 2026
